#
# A fatal error has been detected by the Java Runtime Environment:
#
#  EXCEPTION_ACCESS_VIOLATION (0xc0000005) at pc=0x0000000000000000, pid=628, tid=21144
#
# JRE version: OpenJDK Runtime Environment (21.0+35) (build 21+35-2513)
# Java VM: OpenJDK 64-Bit Server VM (21+35-2513, mixed mode, sharing, tiered, compressed oops, compressed class ptrs, g1 gc, windows-amd64)
# Problematic frame:
# C  [jdwp.dll+0x160d7]
#
# No core dump will be written. Minidumps are not enabled by default on client versions of Windows
#
# If you would like to submit a bug report, please visit:
#   https://bugreport.java.com/bugreport/crash.jsp
# The crash happened outside the Java Virtual Machine in native code.
# See problematic frame for where to report the bug.
#

---------------  S U M M A R Y ------------

Command Line: -agentlib:jdwp=transport=dt_socket,address=127.0.0.1:54082,suspend=y,server=n -javaagent:C:\Users\Èëüÿ\AppData\Local\JetBrains\IdeaIC2024.1\captureAgent\debugger-agent.jar -Dfile.encoding=UTF-8 -Dsun.stdout.encoding=UTF-8 -Dsun.stderr.encoding=UTF-8 ru.mipt.bit.platformer.GameDesktopLauncher

Host: Intel(R) Core(TM) i5-10300H CPU @ 2.50GHz, 8 cores, 15G,  Windows 10 , 64 bit Build 19041 (10.0.19041.4957)
Time: Sun Nov  3 18:28:02 2024 RTZ 2 (s 10 , 64 bit Build 19041 (10.0.19041.4957) elapsed time: 2.342793 seconds (0d 0h 0m 2s)

---------------  T H R E A D  ---------------

Current thread (0x00000191e330d440):  JavaThread "main"             [_thread_in_native, id=21144, stack(0x00000042bc800000,0x00000042bc900000) (1024K)]

Stack: [0x00000042bc800000,0x00000042bc900000],  sp=0x00000042bc8fe9c0,  free space=1018k
Native frames: (J=compiled Java code, j=interpreted, Vv=VM code, C=native code)

Java frames: (J=compiled Java code, j=interpreted, Vv=VM code)
j  org.lwjgl.opengl.GL11.glGetString(I)Ljava/lang/String;+1
j  com.badlogic.gdx.backends.lwjgl3.Lwjgl3Application.initiateGL()V+3
j  com.badlogic.gdx.backends.lwjgl3.Lwjgl3Application.createGlfwWindow(Lcom/badlogic/gdx/backends/lwjgl3/Lwjgl3ApplicationConfiguration;J)J+588
j  com.badlogic.gdx.backends.lwjgl3.Lwjgl3Application.createWindow(Lcom/badlogic/gdx/backends/lwjgl3/Lwjgl3Window;Lcom/badlogic/gdx/backends/lwjgl3/Lwjgl3ApplicationConfiguration;J)V+2
j  com.badlogic.gdx.backends.lwjgl3.Lwjgl3Application.createWindow(Lcom/badlogic/gdx/backends/lwjgl3/Lwjgl3ApplicationConfiguration;Lcom/badlogic/gdx/ApplicationListener;J)Lcom/badlogic/gdx/backends/lwjgl3/Lwjgl3Window;+23
j  com.badlogic.gdx.backends.lwjgl3.Lwjgl3Application.<init>(Lcom/badlogic/gdx/ApplicationListener;Lcom/badlogic/gdx/backends/lwjgl3/Lwjgl3ApplicationConfiguration;)V+222
j  ru.mipt.bit.platformer.GameDesktopLauncher.main([Ljava/lang/String;)V+94
v  ~StubRoutines::call_stub 0x00000191f447100d

siginfo: EXCEPTION_ACCESS_VIOLATION (0xc0000005), data execution prevention violation at address 0x0000000000000000


Registers:
RAX=0x00000191d2690000, RBX=0x00000191e31deaf0, RCX=0x00000191e330d7f8, RDX=0x00000191e31deaf0
RSP=0x00000042bc8fe9b8, RBP=0x0000000000000002, RSI=0x00000042bc8fea60, RDI=0x00000191e330d7f8
R8 =0x0000000000010002, R9 =0x0000000000000000, R10=0x00007fff0e7a0000, R11=0x00000042bc8fe988
R12=0x0000000000000007, R13=0x00000191e31b7d80, R14=0x00007ffec1e60200, R15=0x0000000000000000
RIP=0x0000000000000000, EFLAGS=0x0000000000010202


Register to memory mapping:

RAX=0x00000191d2690000 points into unknown readable memory: 0x0000000000000000 | 00 00 00 00 00 00 00 00
RBX=0x00000191e31deaf0 points into unknown readable memory: 0x0000000711e25648 | 48 56 e2 11 07 00 00 00
RCX=0x00000191e330d7f8 points into unknown readable memory: 0x00000191d2690000 | 00 00 69 d2 91 01 00 00
RDX=0x00000191e31deaf0 points into unknown readable memory: 0x0000000711e25648 | 48 56 e2 11 07 00 00 00
RSP=0x00000042bc8fe9b8 is pointing into the stack for thread: 0x00000191e330d440
RBP=0x0000000000000002 is an unknown value
RSI=0x00000042bc8fea60 is pointing into the stack for thread: 0x00000191e330d440
RDI=0x00000191e330d7f8 points into unknown readable memory: 0x00000191d2690000 | 00 00 69 d2 91 01 00 00
R8 =0x0000000000010002 is an unknown value
R9 =0x0 is null
R10=0x00007fff0e7a0000 VCRUNTIME140.dll
R11=0x00000042bc8fe988 is pointing into the stack for thread: 0x00000191e330d440
R12=0x0000000000000007 is an unknown value
R13=0x00000191e31b7d80 points into unknown readable memory: 0x00007ffe92ec3030 | 30 30 ec 92 fe 7f 00 00
R14=0x00007ffec1e60200 jdwp.dll
R15=0x0 is null

Top of Stack: (sp=0x00000042bc8fe9b8)
0x00000042bc8fe9b8:   00007ffec1e460d7 00000191e31deaf0
0x00000042bc8fe9c8:   00000042bc8fea60 0000000000000000
0x00000042bc8fe9d8:   0000000000000000 0000000000000000
0x00000042bc8fe9e8:   000070d8e495fc60 00000191e31b8400
0x00000042bc8fe9f8:   00007ffec1e602d8 00000191e31deaf0
0x00000042bc8fea08:   00007ffec1e42757 00000191e31deaf0
0x00000042bc8fea18:   0000000000000002 00000191e330d7f8
0x00000042bc8fea28:   00000191e31deaf8 00000005ca7a0100
0x00000042bc8fea38:   0000019186083000 0000000000000000
0x00000042bc8fea48:   00007ffe92a2cf30 00000042bc8fecc0
0x00000042bc8fea58:   00000191850011f0 0000000000000007
0x00000042bc8fea68:   00000191e31deaf0 0000000000000000
0x00000042bc8fea78:   00000191e31deaf8 0000000000000000
0x00000042bc8fea88:   0000000000000000 0000000000000000
0x00000042bc8fea98:   0000000000000000 0000000000000000
0x00000042bc8feaa8:   0000000000000000 0000000000000000
0x00000042bc8feab8:   00000191e31deaf0 0000019186083000
0x00000042bc8feac8:   00007ffe92888057 00000191e31deaf8
0x00000042bc8fead8:   00000191846911a0 00000191e330d440
0x00000042bc8feae8:   00007ffe928ae91d 00000191e31b83b0
0x00000042bc8feaf8:   00000191e330d440 0000000000000000
0x00000042bc8feb08:   00000042bc8fec10 0000019186083000
0x00000042bc8feb18:   00000191c65dd929 00000191e31bb2d0
0x00000042bc8feb28:   00000191e31cb8f0 00000191e31cb900
0x00000042bc8feb38:   00000191e31cbcd8 00000000000003d8
0x00000042bc8feb48:   00000191e330d440 00000191e330d440
0x00000042bc8feb58:   00000191e31bb350 00000191e31aa960
0x00000042bc8feb68:   00000191e31aa980 00000191e31aaa48
0x00000042bc8feb78:   00000000000000d8 00000042bc8feb90
0x00000042bc8feb88:   00007ffe9258d2b1 00000191e330d440
0x00000042bc8feb98:   00000191e31bb350 00000191e31aa960
0x00000042bc8feba8:   00000191e31aa980 00000191e31aaa48 

Instructions: (pc=0x00007ffec1e460d7)
0x00007ffec1e45fd7:   2c 41 b8 61 02 00 00 48 8d 0d b3 6f 01 00 48 8b
0x00007ffec1e45fe7:   d3 e8 83 50 00 00 41 8b cc e8 33 a0 ff ff 48 8b
0x00007ffec1e45ff7:   d0 48 8d 0d 21 a4 01 00 e8 14 51 00 00 4c 8b 4e
0x00007ffec1e46007:   28 48 8d 0d 29 a4 01 00 4c 8b 46 20 48 8b 56 08
0x00007ffec1e46017:   e8 50 0d 01 00 48 8b 05 dd 10 02 00 f6 80 10 02
0x00007ffec1e46027:   00 00 02 74 28 41 b8 6a 02 00 00 48 8d 0d cb 63
0x00007ffec1e46037:   01 00 48 8b d3 e8 2f 50 00 00 48 8d 15 b0 64 01
0x00007ffec1e46047:   00 48 8d 0d c9 63 01 00 e8 c4 50 00 00 48 8b 07
0x00007ffec1e46057:   48 8b cf ff 50 78 48 8b 0d 9c 10 02 00 4c 8b f8
0x00007ffec1e46067:   f6 81 10 02 00 00 02 74 28 41 b8 6b 02 00 00 48
0x00007ffec1e46077:   8d 0d 87 63 01 00 48 8b d3 e8 eb 4f 00 00 48 8d
0x00007ffec1e46087:   15 a4 64 01 00 48 8d 0d 85 63 01 00 e8 80 50 00
0x00007ffec1e46097:   00 48 8b 07 48 8b cf ff 90 88 00 00 00 83 3d 11
0x00007ffec1e460a7:   0c 02 00 00 76 0c e8 b6 5c ff ff 83 25 03 0c 02
0x00007ffec1e460b7:   00 00 48 8b 5e 08 48 85 db 74 4b 48 8b 05 37 10
0x00007ffec1e460c7:   02 00 80 78 13 00 74 0b 48 8b cb e8 f9 06 01 00
0x00007ffec1e460d7:   88 46 10 4d 8b c7 48 8b d6 41 8a ce e8 0c a1 00
0x00007ffec1e460e7:   00 48 8b e8 48 85 c0 75 25 48 8b cb e8 c4 44 00
0x00007ffec1e460f7:   00 84 c0 0f 84 ea 00 00 00 48 8b d3 41 8a ce e8
0x00007ffec1e46107:   ad 13 00 00 eb e3 e8 0e 0e 00 00 48 8b e8 4c 8b
0x00007ffec1e46117:   cd 44 88 74 24 20 45 8b c4 48 8b d6 48 8b cf e8
0x00007ffec1e46127:   e1 00 00 00 83 3e 14 75 0b 48 8b 05 c9 0f 02 00
0x00007ffec1e46137:   c6 40 10 01 48 85 db 75 08 48 8b cd e8 f4 53 ff
0x00007ffec1e46147:   ff 48 8b 05 b1 0f 02 00 4d 85 ff 74 43 f6 80 10
0x00007ffec1e46157:   02 00 00 02 74 2c 41 b8 b3 02 00 00 48 8d 15 6e
0x00007ffec1e46167:   a1 01 00 48 8d 0d 93 62 01 00 e8 fa 4e 00 00 48
0x00007ffec1e46177:   8d 15 03 7e 01 00 48 8d 0d 94 62 01 00 e8 8f 4f
0x00007ffec1e46187:   00 00 48 8b 07 49 8b d7 48 8b cf ff 50 68 eb 41
0x00007ffec1e46197:   f6 80 10 02 00 00 02 74 2c 41 b8 b5 02 00 00 48
0x00007ffec1e461a7:   8d 15 2b a1 01 00 48 8d 0d 50 62 01 00 e8 b7 4e
0x00007ffec1e461b7:   00 00 48 8d 15 70 63 01 00 48 8d 0d 51 62 01 00
0x00007ffec1e461c7:   e8 4c 4f 00 00 48 8b 07 48 8b cf ff 90 88 00 00 


Stack slot to memory mapping:

stack at sp + 0 slots: 0x00000191e31deaf0 points into unknown readable memory: 0x0000000711e25648 | 48 56 e2 11 07 00 00 00
stack at sp + 1 slots: 0x00000042bc8fea60 is pointing into the stack for thread: 0x00000191e330d440
stack at sp + 2 slots: 0x0 is null
stack at sp + 3 slots: 0x0 is null
stack at sp + 4 slots: 0x0 is null
stack at sp + 5 slots: 0x000070d8e495fc60 is an unknown value
stack at sp + 6 slots: 0x00000191e31b8400 points into unknown readable memory: 0x8000001200000001 | 01 00 00 00 12 00 00 80
stack at sp + 7 slots: 0x00007ffec1e602d8 jdwp.dll


---------------  P R O C E S S  ---------------

Threads class SMR info:
_java_thread_list=0x00000191cce44bf0, length=15, elements={
0x00000191e330d440, 0x00000191843fba80, 0x00000191843fdb60, 0x0000019184401af0,
0x00000191844048e0, 0x00000191844054f0, 0x0000019184406f60, 0x0000019184416e30,
0x00000191844174e0, 0x00000191843c6d80, 0x00000191846c8cd0, 0x00000191846dabf0,
0x00000191847df8f0, 0x0000019184703980, 0x00000191cceffc70
}

Java Threads: ( => current thread )
=>0x00000191e330d440 JavaThread "main"                              [_thread_in_native, id=21144, stack(0x00000042bc800000,0x00000042bc900000) (1024K)]
  0x00000191843fba80 JavaThread "Reference Handler"          daemon [_thread_blocked, id=13420, stack(0x00000042bd000000,0x00000042bd100000) (1024K)]
  0x00000191843fdb60 JavaThread "Finalizer"                  daemon [_thread_blocked, id=20620, stack(0x00000042bd100000,0x00000042bd200000) (1024K)]
  0x0000019184401af0 JavaThread "Signal Dispatcher"          daemon [_thread_blocked, id=7472, stack(0x00000042bd200000,0x00000042bd300000) (1024K)]
  0x00000191844048e0 JavaThread "Attach Listener"            daemon [_thread_blocked, id=5084, stack(0x00000042bd300000,0x00000042bd400000) (1024K)]
  0x00000191844054f0 JavaThread "Service Thread"             daemon [_thread_blocked, id=10620, stack(0x00000042bd400000,0x00000042bd500000) (1024K)]
  0x0000019184406f60 JavaThread "Monitor Deflation Thread"   daemon [_thread_blocked, id=21192, stack(0x00000042bd500000,0x00000042bd600000) (1024K)]
  0x0000019184416e30 JavaThread "C2 CompilerThread0"         daemon [_thread_blocked, id=20940, stack(0x00000042bd600000,0x00000042bd700000) (1024K)]
  0x00000191844174e0 JavaThread "C1 CompilerThread0"         daemon [_thread_blocked, id=10756, stack(0x00000042bd700000,0x00000042bd800000) (1024K)]
  0x00000191843c6d80 JavaThread "Common-Cleaner"             daemon [_thread_blocked, id=2480, stack(0x00000042bd800000,0x00000042bd900000) (1024K)]
  0x00000191846c8cd0 JavaThread "JDWP Transport Listener: dt_socket" daemon [_thread_blocked, id=12196, stack(0x00000042bd900000,0x00000042bda00000) (1024K)]
  0x00000191846dabf0 JavaThread "JDWP Event Helper Thread"   daemon [_thread_blocked, id=8744, stack(0x00000042bda00000,0x00000042bdb00000) (1024K)]
  0x00000191847df8f0 JavaThread "JDWP Command Reader"        daemon [_thread_in_native, id=14716, stack(0x00000042bdb00000,0x00000042bdc00000) (1024K)]
  0x0000019184703980 JavaThread "Notification Thread"        daemon [_thread_blocked, id=20436, stack(0x00000042bdc00000,0x00000042bdd00000) (1024K)]
  0x00000191cceffc70 JavaThread "C2 CompilerThread1"         daemon [_thread_blocked, id=17260, stack(0x00000042bf000000,0x00000042bf100000) (1024K)]
Total: 15

Other Threads:
  0x00000191843df570 VMThread "VM Thread"                           [id=8364, stack(0x00000042bcf00000,0x00000042bd000000) (1024K)]
  0x00000191843c5d80 WatcherThread "VM Periodic Task Thread"        [id=15228, stack(0x00000042bce00000,0x00000042bcf00000) (1024K)]
  0x00000191e336fac0 WorkerThread "GC Thread#0"                     [id=7940, stack(0x00000042bc900000,0x00000042bca00000) (1024K)]
  0x00000191cce18820 WorkerThread "GC Thread#1"                     [id=18056, stack(0x00000042be900000,0x00000042bea00000) (1024K)]
  0x00000191cce18bc0 WorkerThread "GC Thread#2"                     [id=21364, stack(0x00000042bea00000,0x00000042beb00000) (1024K)]
  0x00000191cce18f60 WorkerThread "GC Thread#3"                     [id=21216, stack(0x00000042beb00000,0x00000042bec00000) (1024K)]
  0x00000191cce19300 WorkerThread "GC Thread#4"                     [id=21220, stack(0x00000042bec00000,0x00000042bed00000) (1024K)]
  0x00000191cce196a0 WorkerThread "GC Thread#5"                     [id=17428, stack(0x00000042bed00000,0x00000042bee00000) (1024K)]
  0x00000191cce89560 WorkerThread "GC Thread#6"                     [id=20000, stack(0x00000042bee00000,0x00000042bef00000) (1024K)]
  0x00000191cce89ca0 WorkerThread "GC Thread#7"                     [id=19692, stack(0x00000042bef00000,0x00000042bf000000) (1024K)]
  0x00000191e33807e0 ConcurrentGCThread "G1 Main Marker"            [id=19520, stack(0x00000042bca00000,0x00000042bcb00000) (1024K)]
  0x00000191e3381990 WorkerThread "G1 Conc#0"                       [id=21300, stack(0x00000042bcb00000,0x00000042bcc00000) (1024K)]
  0x00000191e33cde60 ConcurrentGCThread "G1 Refine#0"               [id=11608, stack(0x00000042bcc00000,0x00000042bcd00000) (1024K)]
  0x00000191e33ce8e0 ConcurrentGCThread "G1 Service"                [id=1564, stack(0x00000042bcd00000,0x00000042bce00000) (1024K)]
Total: 14

Threads with active compile tasks:
Total: 0

VM state: not at safepoint (normal execution)

VM Mutex/Monitor currently owned by a thread: None

Heap address: 0x0000000703800000, size: 4040 MB, Compressed Oops mode: Zero based, Oop shift amount: 3

CDS archive(s) mapped at: [0x0000019185000000-0x0000019185c90000-0x0000019185c90000), size 13172736, SharedBaseAddress: 0x0000019185000000, ArchiveRelocationMode: 1.
Compressed class space mapped at: 0x0000019186000000-0x00000191c6000000, reserved size: 1073741824
Narrow klass base: 0x0000019185000000, Narrow klass shift: 0, Narrow klass range: 0x100000000

GC Precious Log:
 CardTable entry size: 512
 Card Set container configuration: InlinePtr #cards 4 size 8 Array Of Cards #cards 16 size 48 Howl #buckets 8 coarsen threshold 3686 Howl Bitmap #cards 512 size 80 coarsen threshold 460 Card regions per heap region 1 cards per card region 4096
 CPUs: 8 total, 8 available
 Memory: 16155M
 Large Page Support: Disabled
 NUMA Support: Disabled
 Compressed Oops: Enabled (Zero based)
 Heap Region Size: 2M
 Heap Min Capacity: 8M
 Heap Initial Capacity: 254M
 Heap Max Capacity: 4040M
 Pre-touch: Disabled
 Parallel Workers: 8
 Concurrent Workers: 2
 Concurrent Refinement Workers: 8
 Periodic GC: Disabled

Heap:
 garbage-first heap   total 260096K, used 7391K [0x0000000703800000, 0x0000000800000000)
  region size 2048K, 5 young (10240K), 2 survivors (4096K)
 Metaspace       used 6828K, committed 6976K, reserved 1114112K
  class space    used 367K, committed 448K, reserved 1048576K

Heap Regions: E=young(eden), S=young(survivor), O=old, HS=humongous(starts), HC=humongous(continues), CS=collection set, F=free, TAMS=top-at-mark-start, PB=parsable bottom
|   0|0x0000000703800000, 0x0000000703800000, 0x0000000703a00000|  0%| F|  |TAMS 0x0000000703800000| PB 0x0000000703800000| Untracked 
|   1|0x0000000703a00000, 0x0000000703a00000, 0x0000000703c00000|  0%| F|  |TAMS 0x0000000703a00000| PB 0x0000000703a00000| Untracked 
|   2|0x0000000703c00000, 0x0000000703c00000, 0x0000000703e00000|  0%| F|  |TAMS 0x0000000703c00000| PB 0x0000000703c00000| Untracked 
|   3|0x0000000703e00000, 0x0000000703e00000, 0x0000000704000000|  0%| F|  |TAMS 0x0000000703e00000| PB 0x0000000703e00000| Untracked 
|   4|0x0000000704000000, 0x0000000704000000, 0x0000000704200000|  0%| F|  |TAMS 0x0000000704000000| PB 0x0000000704000000| Untracked 
|   5|0x0000000704200000, 0x0000000704200000, 0x0000000704400000|  0%| F|  |TAMS 0x0000000704200000| PB 0x0000000704200000| Untracked 
|   6|0x0000000704400000, 0x0000000704400000, 0x0000000704600000|  0%| F|  |TAMS 0x0000000704400000| PB 0x0000000704400000| Untracked 
|   7|0x0000000704600000, 0x0000000704600000, 0x0000000704800000|  0%| F|  |TAMS 0x0000000704600000| PB 0x0000000704600000| Untracked 
|   8|0x0000000704800000, 0x0000000704800000, 0x0000000704a00000|  0%| F|  |TAMS 0x0000000704800000| PB 0x0000000704800000| Untracked 
|   9|0x0000000704a00000, 0x0000000704a00000, 0x0000000704c00000|  0%| F|  |TAMS 0x0000000704a00000| PB 0x0000000704a00000| Untracked 
|  10|0x0000000704c00000, 0x0000000704c00000, 0x0000000704e00000|  0%| F|  |TAMS 0x0000000704c00000| PB 0x0000000704c00000| Untracked 
|  11|0x0000000704e00000, 0x0000000704e00000, 0x0000000705000000|  0%| F|  |TAMS 0x0000000704e00000| PB 0x0000000704e00000| Untracked 
|  12|0x0000000705000000, 0x0000000705000000, 0x0000000705200000|  0%| F|  |TAMS 0x0000000705000000| PB 0x0000000705000000| Untracked 
|  13|0x0000000705200000, 0x0000000705200000, 0x0000000705400000|  0%| F|  |TAMS 0x0000000705200000| PB 0x0000000705200000| Untracked 
|  14|0x0000000705400000, 0x0000000705400000, 0x0000000705600000|  0%| F|  |TAMS 0x0000000705400000| PB 0x0000000705400000| Untracked 
|  15|0x0000000705600000, 0x0000000705600000, 0x0000000705800000|  0%| F|  |TAMS 0x0000000705600000| PB 0x0000000705600000| Untracked 
|  16|0x0000000705800000, 0x0000000705800000, 0x0000000705a00000|  0%| F|  |TAMS 0x0000000705800000| PB 0x0000000705800000| Untracked 
|  17|0x0000000705a00000, 0x0000000705a00000, 0x0000000705c00000|  0%| F|  |TAMS 0x0000000705a00000| PB 0x0000000705a00000| Untracked 
|  18|0x0000000705c00000, 0x0000000705c00000, 0x0000000705e00000|  0%| F|  |TAMS 0x0000000705c00000| PB 0x0000000705c00000| Untracked 
|  19|0x0000000705e00000, 0x0000000705e00000, 0x0000000706000000|  0%| F|  |TAMS 0x0000000705e00000| PB 0x0000000705e00000| Untracked 
|  20|0x0000000706000000, 0x0000000706000000, 0x0000000706200000|  0%| F|  |TAMS 0x0000000706000000| PB 0x0000000706000000| Untracked 
|  21|0x0000000706200000, 0x0000000706200000, 0x0000000706400000|  0%| F|  |TAMS 0x0000000706200000| PB 0x0000000706200000| Untracked 
|  22|0x0000000706400000, 0x0000000706400000, 0x0000000706600000|  0%| F|  |TAMS 0x0000000706400000| PB 0x0000000706400000| Untracked 
|  23|0x0000000706600000, 0x0000000706600000, 0x0000000706800000|  0%| F|  |TAMS 0x0000000706600000| PB 0x0000000706600000| Untracked 
|  24|0x0000000706800000, 0x0000000706800000, 0x0000000706a00000|  0%| F|  |TAMS 0x0000000706800000| PB 0x0000000706800000| Untracked 
|  25|0x0000000706a00000, 0x0000000706a00000, 0x0000000706c00000|  0%| F|  |TAMS 0x0000000706a00000| PB 0x0000000706a00000| Untracked 
|  26|0x0000000706c00000, 0x0000000706c00000, 0x0000000706e00000|  0%| F|  |TAMS 0x0000000706c00000| PB 0x0000000706c00000| Untracked 
|  27|0x0000000706e00000, 0x0000000706e00000, 0x0000000707000000|  0%| F|  |TAMS 0x0000000706e00000| PB 0x0000000706e00000| Untracked 
|  28|0x0000000707000000, 0x0000000707000000, 0x0000000707200000|  0%| F|  |TAMS 0x0000000707000000| PB 0x0000000707000000| Untracked 
|  29|0x0000000707200000, 0x0000000707200000, 0x0000000707400000|  0%| F|  |TAMS 0x0000000707200000| PB 0x0000000707200000| Untracked 
|  30|0x0000000707400000, 0x0000000707400000, 0x0000000707600000|  0%| F|  |TAMS 0x0000000707400000| PB 0x0000000707400000| Untracked 
|  31|0x0000000707600000, 0x0000000707600000, 0x0000000707800000|  0%| F|  |TAMS 0x0000000707600000| PB 0x0000000707600000| Untracked 
|  32|0x0000000707800000, 0x0000000707800000, 0x0000000707a00000|  0%| F|  |TAMS 0x0000000707800000| PB 0x0000000707800000| Untracked 
|  33|0x0000000707a00000, 0x0000000707a00000, 0x0000000707c00000|  0%| F|  |TAMS 0x0000000707a00000| PB 0x0000000707a00000| Untracked 
|  34|0x0000000707c00000, 0x0000000707c00000, 0x0000000707e00000|  0%| F|  |TAMS 0x0000000707c00000| PB 0x0000000707c00000| Untracked 
|  35|0x0000000707e00000, 0x0000000707e00000, 0x0000000708000000|  0%| F|  |TAMS 0x0000000707e00000| PB 0x0000000707e00000| Untracked 
|  36|0x0000000708000000, 0x0000000708000000, 0x0000000708200000|  0%| F|  |TAMS 0x0000000708000000| PB 0x0000000708000000| Untracked 
|  37|0x0000000708200000, 0x0000000708200000, 0x0000000708400000|  0%| F|  |TAMS 0x0000000708200000| PB 0x0000000708200000| Untracked 
|  38|0x0000000708400000, 0x0000000708400000, 0x0000000708600000|  0%| F|  |TAMS 0x0000000708400000| PB 0x0000000708400000| Untracked 
|  39|0x0000000708600000, 0x0000000708600000, 0x0000000708800000|  0%| F|  |TAMS 0x0000000708600000| PB 0x0000000708600000| Untracked 
|  40|0x0000000708800000, 0x0000000708800000, 0x0000000708a00000|  0%| F|  |TAMS 0x0000000708800000| PB 0x0000000708800000| Untracked 
|  41|0x0000000708a00000, 0x0000000708a00000, 0x0000000708c00000|  0%| F|  |TAMS 0x0000000708a00000| PB 0x0000000708a00000| Untracked 
|  42|0x0000000708c00000, 0x0000000708c00000, 0x0000000708e00000|  0%| F|  |TAMS 0x0000000708c00000| PB 0x0000000708c00000| Untracked 
|  43|0x0000000708e00000, 0x0000000708e00000, 0x0000000709000000|  0%| F|  |TAMS 0x0000000708e00000| PB 0x0000000708e00000| Untracked 
|  44|0x0000000709000000, 0x0000000709000000, 0x0000000709200000|  0%| F|  |TAMS 0x0000000709000000| PB 0x0000000709000000| Untracked 
|  45|0x0000000709200000, 0x0000000709200000, 0x0000000709400000|  0%| F|  |TAMS 0x0000000709200000| PB 0x0000000709200000| Untracked 
|  46|0x0000000709400000, 0x0000000709400000, 0x0000000709600000|  0%| F|  |TAMS 0x0000000709400000| PB 0x0000000709400000| Untracked 
|  47|0x0000000709600000, 0x0000000709600000, 0x0000000709800000|  0%| F|  |TAMS 0x0000000709600000| PB 0x0000000709600000| Untracked 
|  48|0x0000000709800000, 0x0000000709800000, 0x0000000709a00000|  0%| F|  |TAMS 0x0000000709800000| PB 0x0000000709800000| Untracked 
|  49|0x0000000709a00000, 0x0000000709a00000, 0x0000000709c00000|  0%| F|  |TAMS 0x0000000709a00000| PB 0x0000000709a00000| Untracked 
|  50|0x0000000709c00000, 0x0000000709c00000, 0x0000000709e00000|  0%| F|  |TAMS 0x0000000709c00000| PB 0x0000000709c00000| Untracked 
|  51|0x0000000709e00000, 0x0000000709e00000, 0x000000070a000000|  0%| F|  |TAMS 0x0000000709e00000| PB 0x0000000709e00000| Untracked 
|  52|0x000000070a000000, 0x000000070a000000, 0x000000070a200000|  0%| F|  |TAMS 0x000000070a000000| PB 0x000000070a000000| Untracked 
|  53|0x000000070a200000, 0x000000070a200000, 0x000000070a400000|  0%| F|  |TAMS 0x000000070a200000| PB 0x000000070a200000| Untracked 
|  54|0x000000070a400000, 0x000000070a400000, 0x000000070a600000|  0%| F|  |TAMS 0x000000070a400000| PB 0x000000070a400000| Untracked 
|  55|0x000000070a600000, 0x000000070a600000, 0x000000070a800000|  0%| F|  |TAMS 0x000000070a600000| PB 0x000000070a600000| Untracked 
|  56|0x000000070a800000, 0x000000070a800000, 0x000000070aa00000|  0%| F|  |TAMS 0x000000070a800000| PB 0x000000070a800000| Untracked 
|  57|0x000000070aa00000, 0x000000070aa00000, 0x000000070ac00000|  0%| F|  |TAMS 0x000000070aa00000| PB 0x000000070aa00000| Untracked 
|  58|0x000000070ac00000, 0x000000070ac00000, 0x000000070ae00000|  0%| F|  |TAMS 0x000000070ac00000| PB 0x000000070ac00000| Untracked 
|  59|0x000000070ae00000, 0x000000070ae00000, 0x000000070b000000|  0%| F|  |TAMS 0x000000070ae00000| PB 0x000000070ae00000| Untracked 
|  60|0x000000070b000000, 0x000000070b000000, 0x000000070b200000|  0%| F|  |TAMS 0x000000070b000000| PB 0x000000070b000000| Untracked 
|  61|0x000000070b200000, 0x000000070b200000, 0x000000070b400000|  0%| F|  |TAMS 0x000000070b200000| PB 0x000000070b200000| Untracked 
|  62|0x000000070b400000, 0x000000070b400000, 0x000000070b600000|  0%| F|  |TAMS 0x000000070b400000| PB 0x000000070b400000| Untracked 
|  63|0x000000070b600000, 0x000000070b600000, 0x000000070b800000|  0%| F|  |TAMS 0x000000070b600000| PB 0x000000070b600000| Untracked 
|  64|0x000000070b800000, 0x000000070b800000, 0x000000070ba00000|  0%| F|  |TAMS 0x000000070b800000| PB 0x000000070b800000| Untracked 
|  65|0x000000070ba00000, 0x000000070ba00000, 0x000000070bc00000|  0%| F|  |TAMS 0x000000070ba00000| PB 0x000000070ba00000| Untracked 
|  66|0x000000070bc00000, 0x000000070bc00000, 0x000000070be00000|  0%| F|  |TAMS 0x000000070bc00000| PB 0x000000070bc00000| Untracked 
|  67|0x000000070be00000, 0x000000070be00000, 0x000000070c000000|  0%| F|  |TAMS 0x000000070be00000| PB 0x000000070be00000| Untracked 
|  68|0x000000070c000000, 0x000000070c000000, 0x000000070c200000|  0%| F|  |TAMS 0x000000070c000000| PB 0x000000070c000000| Untracked 
|  69|0x000000070c200000, 0x000000070c200000, 0x000000070c400000|  0%| F|  |TAMS 0x000000070c200000| PB 0x000000070c200000| Untracked 
|  70|0x000000070c400000, 0x000000070c400000, 0x000000070c600000|  0%| F|  |TAMS 0x000000070c400000| PB 0x000000070c400000| Untracked 
|  71|0x000000070c600000, 0x000000070c600000, 0x000000070c800000|  0%| F|  |TAMS 0x000000070c600000| PB 0x000000070c600000| Untracked 
|  72|0x000000070c800000, 0x000000070c800000, 0x000000070ca00000|  0%| F|  |TAMS 0x000000070c800000| PB 0x000000070c800000| Untracked 
|  73|0x000000070ca00000, 0x000000070ca00000, 0x000000070cc00000|  0%| F|  |TAMS 0x000000070ca00000| PB 0x000000070ca00000| Untracked 
|  74|0x000000070cc00000, 0x000000070cc00000, 0x000000070ce00000|  0%| F|  |TAMS 0x000000070cc00000| PB 0x000000070cc00000| Untracked 
|  75|0x000000070ce00000, 0x000000070ce00000, 0x000000070d000000|  0%| F|  |TAMS 0x000000070ce00000| PB 0x000000070ce00000| Untracked 
|  76|0x000000070d000000, 0x000000070d000000, 0x000000070d200000|  0%| F|  |TAMS 0x000000070d000000| PB 0x000000070d000000| Untracked 
|  77|0x000000070d200000, 0x000000070d200000, 0x000000070d400000|  0%| F|  |TAMS 0x000000070d200000| PB 0x000000070d200000| Untracked 
|  78|0x000000070d400000, 0x000000070d400000, 0x000000070d600000|  0%| F|  |TAMS 0x000000070d400000| PB 0x000000070d400000| Untracked 
|  79|0x000000070d600000, 0x000000070d600000, 0x000000070d800000|  0%| F|  |TAMS 0x000000070d600000| PB 0x000000070d600000| Untracked 
|  80|0x000000070d800000, 0x000000070d800000, 0x000000070da00000|  0%| F|  |TAMS 0x000000070d800000| PB 0x000000070d800000| Untracked 
|  81|0x000000070da00000, 0x000000070da00000, 0x000000070dc00000|  0%| F|  |TAMS 0x000000070da00000| PB 0x000000070da00000| Untracked 
|  82|0x000000070dc00000, 0x000000070dc00000, 0x000000070de00000|  0%| F|  |TAMS 0x000000070dc00000| PB 0x000000070dc00000| Untracked 
|  83|0x000000070de00000, 0x000000070de00000, 0x000000070e000000|  0%| F|  |TAMS 0x000000070de00000| PB 0x000000070de00000| Untracked 
|  84|0x000000070e000000, 0x000000070e000000, 0x000000070e200000|  0%| F|  |TAMS 0x000000070e000000| PB 0x000000070e000000| Untracked 
|  85|0x000000070e200000, 0x000000070e200000, 0x000000070e400000|  0%| F|  |TAMS 0x000000070e200000| PB 0x000000070e200000| Untracked 
|  86|0x000000070e400000, 0x000000070e400000, 0x000000070e600000|  0%| F|  |TAMS 0x000000070e400000| PB 0x000000070e400000| Untracked 
|  87|0x000000070e600000, 0x000000070e600000, 0x000000070e800000|  0%| F|  |TAMS 0x000000070e600000| PB 0x000000070e600000| Untracked 
|  88|0x000000070e800000, 0x000000070e800000, 0x000000070ea00000|  0%| F|  |TAMS 0x000000070e800000| PB 0x000000070e800000| Untracked 
|  89|0x000000070ea00000, 0x000000070ea00000, 0x000000070ec00000|  0%| F|  |TAMS 0x000000070ea00000| PB 0x000000070ea00000| Untracked 
|  90|0x000000070ec00000, 0x000000070ec00000, 0x000000070ee00000|  0%| F|  |TAMS 0x000000070ec00000| PB 0x000000070ec00000| Untracked 
|  91|0x000000070ee00000, 0x000000070ee00000, 0x000000070f000000|  0%| F|  |TAMS 0x000000070ee00000| PB 0x000000070ee00000| Untracked 
|  92|0x000000070f000000, 0x000000070f000000, 0x000000070f200000|  0%| F|  |TAMS 0x000000070f000000| PB 0x000000070f000000| Untracked 
|  93|0x000000070f200000, 0x000000070f200000, 0x000000070f400000|  0%| F|  |TAMS 0x000000070f200000| PB 0x000000070f200000| Untracked 
|  94|0x000000070f400000, 0x000000070f400000, 0x000000070f600000|  0%| F|  |TAMS 0x000000070f400000| PB 0x000000070f400000| Untracked 
|  95|0x000000070f600000, 0x000000070f600000, 0x000000070f800000|  0%| F|  |TAMS 0x000000070f600000| PB 0x000000070f600000| Untracked 
|  96|0x000000070f800000, 0x000000070f800000, 0x000000070fa00000|  0%| F|  |TAMS 0x000000070f800000| PB 0x000000070f800000| Untracked 
|  97|0x000000070fa00000, 0x000000070fa00000, 0x000000070fc00000|  0%| F|  |TAMS 0x000000070fa00000| PB 0x000000070fa00000| Untracked 
|  98|0x000000070fc00000, 0x000000070fc00000, 0x000000070fe00000|  0%| F|  |TAMS 0x000000070fc00000| PB 0x000000070fc00000| Untracked 
|  99|0x000000070fe00000, 0x000000070fe00000, 0x0000000710000000|  0%| F|  |TAMS 0x000000070fe00000| PB 0x000000070fe00000| Untracked 
| 100|0x0000000710000000, 0x0000000710000000, 0x0000000710200000|  0%| F|  |TAMS 0x0000000710000000| PB 0x0000000710000000| Untracked 
| 101|0x0000000710200000, 0x0000000710200000, 0x0000000710400000|  0%| F|  |TAMS 0x0000000710200000| PB 0x0000000710200000| Untracked 
| 102|0x0000000710400000, 0x0000000710400000, 0x0000000710600000|  0%| F|  |TAMS 0x0000000710400000| PB 0x0000000710400000| Untracked 
| 103|0x0000000710600000, 0x0000000710600000, 0x0000000710800000|  0%| F|  |TAMS 0x0000000710600000| PB 0x0000000710600000| Untracked 
| 104|0x0000000710800000, 0x0000000710800000, 0x0000000710a00000|  0%| F|  |TAMS 0x0000000710800000| PB 0x0000000710800000| Untracked 
| 105|0x0000000710a00000, 0x0000000710a00000, 0x0000000710c00000|  0%| F|  |TAMS 0x0000000710a00000| PB 0x0000000710a00000| Untracked 
| 106|0x0000000710c00000, 0x0000000710c00000, 0x0000000710e00000|  0%| F|  |TAMS 0x0000000710c00000| PB 0x0000000710c00000| Untracked 
| 107|0x0000000710e00000, 0x0000000710e00000, 0x0000000711000000|  0%| F|  |TAMS 0x0000000710e00000| PB 0x0000000710e00000| Untracked 
| 108|0x0000000711000000, 0x0000000711000000, 0x0000000711200000|  0%| F|  |TAMS 0x0000000711000000| PB 0x0000000711000000| Untracked 
| 109|0x0000000711200000, 0x0000000711200000, 0x0000000711400000|  0%| F|  |TAMS 0x0000000711200000| PB 0x0000000711200000| Untracked 
| 110|0x0000000711400000, 0x0000000711400000, 0x0000000711600000|  0%| F|  |TAMS 0x0000000711400000| PB 0x0000000711400000| Untracked 
| 111|0x0000000711600000, 0x0000000711600000, 0x0000000711800000|  0%| F|  |TAMS 0x0000000711600000| PB 0x0000000711600000| Untracked 
| 112|0x0000000711800000, 0x0000000711800000, 0x0000000711a00000|  0%| F|  |TAMS 0x0000000711800000| PB 0x0000000711800000| Untracked 
| 113|0x0000000711a00000, 0x0000000711a00000, 0x0000000711c00000|  0%| F|  |TAMS 0x0000000711a00000| PB 0x0000000711a00000| Untracked 
| 114|0x0000000711c00000, 0x0000000711d37e38, 0x0000000711e00000| 60%| S|CS|TAMS 0x0000000711c00000| PB 0x0000000711c00000| Complete 
| 115|0x0000000711e00000, 0x0000000712000000, 0x0000000712000000|100%| S|CS|TAMS 0x0000000711e00000| PB 0x0000000711e00000| Complete 
| 116|0x0000000712000000, 0x0000000712000000, 0x0000000712200000|  0%| F|  |TAMS 0x0000000712000000| PB 0x0000000712000000| Untracked 
| 117|0x0000000712200000, 0x0000000712200000, 0x0000000712400000|  0%| F|  |TAMS 0x0000000712200000| PB 0x0000000712200000| Untracked 
| 118|0x0000000712400000, 0x0000000712400000, 0x0000000712600000|  0%| F|  |TAMS 0x0000000712400000| PB 0x0000000712400000| Untracked 
| 119|0x0000000712600000, 0x0000000712600000, 0x0000000712800000|  0%| F|  |TAMS 0x0000000712600000| PB 0x0000000712600000| Untracked 
| 120|0x0000000712800000, 0x0000000712800000, 0x0000000712a00000|  0%| F|  |TAMS 0x0000000712800000| PB 0x0000000712800000| Untracked 
| 121|0x0000000712a00000, 0x0000000712a00000, 0x0000000712c00000|  0%| F|  |TAMS 0x0000000712a00000| PB 0x0000000712a00000| Untracked 
| 122|0x0000000712c00000, 0x0000000712c00000, 0x0000000712e00000|  0%| F|  |TAMS 0x0000000712c00000| PB 0x0000000712c00000| Untracked 
| 123|0x0000000712e00000, 0x0000000712e00000, 0x0000000713000000|  0%| F|  |TAMS 0x0000000712e00000| PB 0x0000000712e00000| Untracked 
| 124|0x0000000713000000, 0x00000007130c1320, 0x0000000713200000| 37%| E|  |TAMS 0x0000000713000000| PB 0x0000000713000000| Complete 
| 125|0x0000000713200000, 0x0000000713400000, 0x0000000713400000|100%| E|CS|TAMS 0x0000000713200000| PB 0x0000000713200000| Complete 
| 126|0x0000000713400000, 0x0000000713600000, 0x0000000713600000|100%| E|CS|TAMS 0x0000000713400000| PB 0x0000000713400000| Complete 

Card table byte_map: [0x00000191fd1a0000,0x00000191fd990000] _byte_map_base: 0x00000191f9984000

Marking Bits: (CMBitMap*) 0x00000191e33700d0
 Bits: [0x0000019180000000, 0x0000019183f20000)

Polling page: 0x00000191e33d0000

Metaspace:

Usage:
  Non-class:      6.31 MB used.
      Class:    367.88 KB used.
       Both:      6.67 MB used.

Virtual space:
  Non-class space:       64.00 MB reserved,       6.38 MB ( 10%) committed,  1 nodes.
      Class space:        1.00 GB reserved,     448.00 KB ( <1%) committed,  1 nodes.
             Both:        1.06 GB reserved,       6.81 MB ( <1%) committed. 

Chunk freelists:
   Non-Class:  7.45 MB
       Class:  15.48 MB
        Both:  22.94 MB

MaxMetaspaceSize: unlimited
CompressedClassSpaceSize: 1.00 GB
Initial GC threshold: 21.00 MB
Current GC threshold: 21.00 MB
CDS: on
 - commit_granule_bytes: 65536.
 - commit_granule_words: 8192.
 - virtual_space_node_default_size: 8388608.
 - enlarge_chunks_in_place: 1.
 - use_allocation_guard: 0.


Internal statistics:

num_allocs_failed_limit: 0.
num_arena_births: 68.
num_arena_deaths: 0.
num_vsnodes_births: 2.
num_vsnodes_deaths: 0.
num_space_committed: 107.
num_space_uncommitted: 0.
num_chunks_returned_to_freelist: 0.
num_chunks_taken_from_freelist: 250.
num_chunk_merges: 0.
num_chunk_splits: 191.
num_chunks_enlarged: 159.
num_inconsistent_stats: 0.

CodeHeap 'non-profiled nmethods': size=120000Kb used=416Kb max_used=416Kb free=119583Kb
 bounds [0x00000191f4a10000, 0x00000191f4c80000, 0x00000191fbf40000]
CodeHeap 'profiled nmethods': size=120000Kb used=2053Kb max_used=2053Kb free=117946Kb
 bounds [0x00000191ecf40000, 0x00000191ed1b0000, 0x00000191f4470000]
CodeHeap 'non-nmethods': size=5760Kb used=2118Kb max_used=2150Kb free=3641Kb
 bounds [0x00000191f4470000, 0x00000191f46e0000, 0x00000191f4a10000]
 total_blobs=2165 nmethods=1130 adapters=940
 compilation: enabled
              stopped_count=0, restarted_count=0
 full_count=0

Compilation events (20 events):
Event: 2.329 Thread 0x00000191844174e0 1125  s!   3       java.util.jar.JarFile::ensureInitialization (59 bytes)
Event: 2.329 Thread 0x00000191844174e0 nmethod 1125 0x00000191ed13e110 code [0x00000191ed13e360, 0x00000191ed13eb58]
Event: 2.329 Thread 0x00000191844174e0 1126       3       java.util.jar.Manifest::getTrustedAttributes (57 bytes)
Event: 2.329 Thread 0x00000191cceffc70 1124       4       java.util.Arrays::equals (57 bytes)
Event: 2.329 Thread 0x00000191844174e0 nmethod 1126 0x00000191ed13ee90 code [0x00000191ed13f100, 0x00000191ed13f9f8]
Event: 2.329 Thread 0x00000191844174e0 1127       3       java.util.jar.Manifest::getAttributes (14 bytes)
Event: 2.329 Thread 0x00000191844174e0 nmethod 1127 0x00000191ed13fd90 code [0x00000191ed13ff40, 0x00000191ed140248]
Event: 2.329 Thread 0x00000191844174e0 1128       3       jdk.internal.loader.URLClassPath$JarLoader$2::getInputStream (15 bytes)
Event: 2.329 Thread 0x00000191844174e0 nmethod 1128 0x00000191ed140390 code [0x00000191ed140540, 0x00000191ed140730]
Event: 2.329 Thread 0x00000191844174e0 1129       3       jdk.internal.loader.URLClassPath$JarLoader$2::getBytes (48 bytes)
Event: 2.330 Thread 0x00000191844174e0 nmethod 1129 0x00000191ed140810 code [0x00000191ed140a20, 0x00000191ed141080]
Event: 2.330 Thread 0x00000191844174e0 1130       3       jdk.internal.loader.URLClassPath$JarLoader$2::getContentLength (9 bytes)
Event: 2.330 Thread 0x00000191844174e0 nmethod 1130 0x00000191ed141310 code [0x00000191ed1414a0, 0x00000191ed141658]
Event: 2.331 Thread 0x00000191cceffc70 nmethod 1124 0x00000191f4a71190 code [0x00000191f4a71320, 0x00000191f4a71530]
Event: 2.331 Thread 0x00000191cceffc70 1122       4       java.lang.invoke.BoundMethodHandle::<init> (32 bytes)
Event: 2.333 Thread 0x00000191cceffc70 nmethod 1122 0x00000191f4a71710 code [0x00000191f4a718c0, 0x00000191f4a71d40]
Event: 2.333 Thread 0x00000191cceffc70 1123       4       java.lang.invoke.MethodType$ConcurrentWeakInternSet::get (47 bytes)
Event: 2.335 Thread 0x0000019184416e30 nmethod 1120 0x00000191f4a71f90 code [0x00000191f4a72360, 0x00000191f4a74bf8]
Event: 2.335 Thread 0x0000019184416e30 1121       4       java.lang.invoke.MethodType::equals (56 bytes)
Event: 2.338 Thread 0x0000019184416e30 nmethod 1121 0x00000191f4a75f90 code [0x00000191f4a76160, 0x00000191f4a76550]

GC Heap History (2 events):
Event: 2.200 GC heap before
{Heap before GC invocations=0 (full 0):
 garbage-first heap   total 260096K, used 22528K [0x0000000703800000, 0x0000000800000000)
  region size 2048K, 11 young (22528K), 0 survivors (0K)
 Metaspace       used 5824K, committed 5952K, reserved 1114112K
  class space    used 326K, committed 384K, reserved 1048576K
}
Event: 2.203 GC heap after
{Heap after GC invocations=1 (full 0):
 garbage-first heap   total 260096K, used 3295K [0x0000000703800000, 0x0000000800000000)
  region size 2048K, 2 young (4096K), 2 survivors (4096K)
 Metaspace       used 5824K, committed 5952K, reserved 1114112K
  class space    used 326K, committed 384K, reserved 1048576K
}

Dll operation events (11 events):
Event: 0.009 Loaded shared library C:\Program Files\jdk-21\bin\java.dll
Event: 0.010 Loaded shared library C:\Program Files\jdk-21\bin\zip.dll
Event: 0.035 Loaded shared library C:\Program Files\jdk-21\bin\jsvml.dll
Event: 0.562 Loaded shared library C:\Program Files\jdk-21\bin\instrument.dll
Event: 0.605 Loaded shared library C:\Program Files\jdk-21\bin\net.dll
Event: 0.606 Loaded shared library C:\Program Files\jdk-21\bin\nio.dll
Event: 0.619 Loaded shared library C:\Program Files\jdk-21\bin\zip.dll
Event: 0.706 Loaded shared library C:\Program Files\jdk-21\bin\jimage.dll
Event: 0.718 Loaded shared library C:\Users\Èëüÿ\AppData\Local\Temp\libgdxÈëüÿ\515ef75a\gdx64.dll
Event: 0.772 Loaded shared library C:\Users\Èëüÿ\AppData\Local\Temp\lwjglÈëüÿ\3.2.3-build-13\lwjgl.dll
Event: 1.853 Loaded shared library C:\Users\Èëüÿ\AppData\Local\Temp\lwjglÈëüÿ\3.2.3-build-13\lwjgl_opengl.dll

Deoptimization events (20 events):
Event: 2.109 Thread 0x00000191e330d440 DEOPT PACKING pc=0x00000191f4a5f2dc sp=0x00000042bc8fdf10
Event: 2.109 Thread 0x00000191e330d440 DEOPT UNPACKING pc=0x00000191f44c46a2 sp=0x00000042bc8fde88 mode 2
Event: 2.118 Thread 0x00000191e330d440 DEOPT PACKING pc=0x00000191ecf999a2 sp=0x00000042bc8fdc80
Event: 2.118 Thread 0x00000191e330d440 DEOPT UNPACKING pc=0x00000191f44c4e42 sp=0x00000042bc8fd198 mode 0
Event: 2.158 Thread 0x00000191e330d440 Uncommon trap: trap_request=0xffffffbe fr.pc=0x00000191f4a651c4 relative=0x00000000000004a4
Event: 2.158 Thread 0x00000191e330d440 Uncommon trap: reason=profile_predicate action=maybe_recompile pc=0x00000191f4a651c4 method=sun.net.www.ParseUtil.firstEncodeIndex(Ljava/lang/String;)I @ 9 c2
Event: 2.158 Thread 0x00000191e330d440 DEOPT PACKING pc=0x00000191f4a651c4 sp=0x00000042bc8fdfc0
Event: 2.158 Thread 0x00000191e330d440 DEOPT UNPACKING pc=0x00000191f44c46a2 sp=0x00000042bc8fdf48 mode 2
Event: 2.158 Thread 0x00000191e330d440 Uncommon trap: trap_request=0xffffffbe fr.pc=0x00000191f4a651c4 relative=0x00000000000004a4
Event: 2.158 Thread 0x00000191e330d440 Uncommon trap: reason=profile_predicate action=maybe_recompile pc=0x00000191f4a651c4 method=sun.net.www.ParseUtil.firstEncodeIndex(Ljava/lang/String;)I @ 9 c2
Event: 2.158 Thread 0x00000191e330d440 DEOPT PACKING pc=0x00000191f4a651c4 sp=0x00000042bc8fdfc0
Event: 2.158 Thread 0x00000191e330d440 DEOPT UNPACKING pc=0x00000191f44c46a2 sp=0x00000042bc8fdf48 mode 2
Event: 2.158 Thread 0x00000191e330d440 Uncommon trap: trap_request=0xffffffbe fr.pc=0x00000191f4a651c4 relative=0x00000000000004a4
Event: 2.158 Thread 0x00000191e330d440 Uncommon trap: reason=profile_predicate action=maybe_recompile pc=0x00000191f4a651c4 method=sun.net.www.ParseUtil.firstEncodeIndex(Ljava/lang/String;)I @ 9 c2
Event: 2.158 Thread 0x00000191e330d440 DEOPT PACKING pc=0x00000191f4a651c4 sp=0x00000042bc8fdf90
Event: 2.158 Thread 0x00000191e330d440 DEOPT UNPACKING pc=0x00000191f44c46a2 sp=0x00000042bc8fdf18 mode 2
Event: 2.159 Thread 0x00000191e330d440 Uncommon trap: trap_request=0xffffffbe fr.pc=0x00000191f4a651c4 relative=0x00000000000004a4
Event: 2.159 Thread 0x00000191e330d440 Uncommon trap: reason=profile_predicate action=maybe_recompile pc=0x00000191f4a651c4 method=sun.net.www.ParseUtil.firstEncodeIndex(Ljava/lang/String;)I @ 9 c2
Event: 2.159 Thread 0x00000191e330d440 DEOPT PACKING pc=0x00000191f4a651c4 sp=0x00000042bc8fdfc0
Event: 2.159 Thread 0x00000191e330d440 DEOPT UNPACKING pc=0x00000191f44c46a2 sp=0x00000042bc8fdf48 mode 2

Classes loaded (20 events):
Event: 2.267 Loading class org/lwjgl/opengl/NVVertexArrayRange
Event: 2.267 Loading class org/lwjgl/opengl/NVVertexArrayRange done
Event: 2.268 Loading class org/lwjgl/opengl/NVVertexAttribInteger64bit
Event: 2.268 Loading class org/lwjgl/opengl/NVVertexAttribInteger64bit done
Event: 2.269 Loading class org/lwjgl/opengl/NVVertexBufferUnifiedMemory
Event: 2.269 Loading class org/lwjgl/opengl/NVVertexBufferUnifiedMemory done
Event: 2.270 Loading class org/lwjgl/opengl/NVViewportSwizzle
Event: 2.270 Loading class org/lwjgl/opengl/NVViewportSwizzle done
Event: 2.271 Loading class org/lwjgl/opengl/NVXConditionalRender
Event: 2.271 Loading class org/lwjgl/opengl/NVXConditionalRender done
Event: 2.271 Loading class org/lwjgl/opengl/NVXGpuMulticast2
Event: 2.271 Loading class org/lwjgl/opengl/NVXGpuMulticast2 done
Event: 2.272 Loading class org/lwjgl/opengl/NVXProgressFence
Event: 2.272 Loading class org/lwjgl/opengl/NVXProgressFence done
Event: 2.273 Loading class org/lwjgl/opengl/OVRMultiview
Event: 2.273 Loading class org/lwjgl/opengl/OVRMultiview done
Event: 2.328 Loading class org/lwjgl/system/MultiReleaseMemCopy
Event: 2.328 Loading class org/lwjgl/system/MultiReleaseMemCopy done
Event: 2.328 Loading class org/lwjgl/opengl/GL11C
Event: 2.328 Loading class org/lwjgl/opengl/GL11C done

Classes unloaded (0 events):
No events

Classes redefined (0 events):
No events

Internal exceptions (20 events):
Event: 0.746 Thread 0x00000191e330d440 Exception <a 'java/lang/NoSuchMethodError'{0x0000000712c47d60}: 'void java.lang.invoke.DelegatingMethodHandle$Holder.delegate(java.lang.Object, java.lang.Object, int, java.lang.Object)'> (0x0000000712c47d60) 
thrown [s\open\src\hotspot\share\interpreter\linkResolver.cpp, line 773]
Event: 0.746 Thread 0x00000191e330d440 Exception <a 'java/lang/NoSuchMethodError'{0x0000000712c4ba58}: 'int java.lang.invoke.DirectMethodHandle$Holder.invokeSpecial(java.lang.Object, java.lang.Object, java.lang.Object)'> (0x0000000712c4ba58) 
thrown [s\open\src\hotspot\share\interpreter\linkResolver.cpp, line 773]
Event: 0.750 Thread 0x00000191e330d440 Exception <a 'java/lang/NoSuchMethodError'{0x0000000712c677d0}: 'void java.lang.System.loadLibrary(java.lang.String, java.lang.Class)'> (0x0000000712c677d0) 
thrown [s\open\src\hotspot\share\interpreter\linkResolver.cpp, line 773]
Event: 0.776 Thread 0x00000191e330d440 Exception <a 'sun/nio/fs/WindowsException'{0x0000000712d27b00}> (0x0000000712d27b00) 
thrown [s\open\src\hotspot\share\prims\jni.cpp, line 520]
Event: 0.777 Thread 0x00000191e330d440 Exception <a 'sun/nio/fs/WindowsException'{0x0000000712d292f0}> (0x0000000712d292f0) 
thrown [s\open\src\hotspot\share\prims\jni.cpp, line 520]
Event: 0.811 Thread 0x00000191e330d440 Exception <a 'sun/nio/fs/WindowsException'{0x0000000712a90150}> (0x0000000712a90150) 
thrown [s\open\src\hotspot\share\prims\jni.cpp, line 520]
Event: 0.811 Thread 0x00000191e330d440 Exception <a 'sun/nio/fs/WindowsException'{0x0000000712a90708}> (0x0000000712a90708) 
thrown [s\open\src\hotspot\share\prims\jni.cpp, line 520]
Event: 0.833 Thread 0x00000191e330d440 Exception <a 'sun/nio/fs/WindowsException'{0x0000000712b4c908}> (0x0000000712b4c908) 
thrown [s\open\src\hotspot\share\prims\jni.cpp, line 520]
Event: 0.834 Thread 0x00000191e330d440 Exception <a 'sun/nio/fs/WindowsException'{0x0000000712b4ce68}> (0x0000000712b4ce68) 
thrown [s\open\src\hotspot\share\prims\jni.cpp, line 520]
Event: 0.836 Thread 0x00000191e330d440 Exception <a 'java/lang/NoSuchMethodError'{0x0000000712b556f0}: 'int java.lang.invoke.Invokers$Holder.invokeExact_MT(java.lang.Object, java.lang.Object)'> (0x0000000712b556f0) 
thrown [s\open\src\hotspot\share\interpreter\linkResolver.cpp, line 773]
Event: 0.924 Thread 0x00000191e330d440 Exception <a 'sun/nio/fs/WindowsException'{0x0000000712bee870}> (0x0000000712bee870) 
thrown [s\open\src\hotspot\share\prims\jni.cpp, line 520]
Event: 0.924 Thread 0x00000191e330d440 Exception <a 'sun/nio/fs/WindowsException'{0x0000000712beee00}> (0x0000000712beee00) 
thrown [s\open\src\hotspot\share\prims\jni.cpp, line 520]
Event: 1.666 Thread 0x00000191e330d440 Exception <a 'java/lang/NoSuchMethodError'{0x00000007128f1be8}: 'long java.lang.invoke.DelegatingMethodHandle$Holder.reinvoke_L(java.lang.Object, java.lang.Object)'> (0x00000007128f1be8) 
thrown [s\open\src\hotspot\share\interpreter\linkResolver.cpp, line 773]
Event: 1.667 Thread 0x00000191e330d440 Exception <a 'java/lang/NoSuchMethodError'{0x00000007128f8088}: 'long java.lang.invoke.Invokers$Holder.invokeExact_MT(java.lang.Object, java.lang.Object, java.lang.Object)'> (0x00000007128f8088) 
thrown [s\open\src\hotspot\share\interpreter\linkResolver.cpp, line 773]
Event: 1.848 Thread 0x00000191e330d440 Exception <a 'java/lang/NoSuchMethodError'{0x0000000712620d30}: 'void java.lang.System.load(java.lang.String, java.lang.Class)'> (0x0000000712620d30) 
thrown [s\open\src\hotspot\share\interpreter\linkResolver.cpp, line 773]
Event: 1.849 Thread 0x00000191e330d440 Exception <a 'java/lang/NoSuchMethodError'{0x00000007126236d0}: 'void java.lang.System.loadLibrary(java.lang.String, java.lang.Class)'> (0x00000007126236d0) 
thrown [s\open\src\hotspot\share\interpreter\linkResolver.cpp, line 773]
Event: 1.852 Thread 0x00000191e330d440 Exception <a 'sun/nio/fs/WindowsException'{0x0000000712636028}> (0x0000000712636028) 
thrown [s\open\src\hotspot\share\prims\jni.cpp, line 520]
Event: 1.852 Thread 0x00000191e330d440 Exception <a 'sun/nio/fs/WindowsException'{0x00000007126365f8}> (0x00000007126365f8) 
thrown [s\open\src\hotspot\share\prims\jni.cpp, line 520]
Event: 1.854 Thread 0x00000191e330d440 Exception <a 'sun/nio/fs/WindowsException'{0x0000000712641078}> (0x0000000712641078) 
thrown [s\open\src\hotspot\share\prims\jni.cpp, line 520]
Event: 1.855 Thread 0x00000191e330d440 Exception <a 'sun/nio/fs/WindowsException'{0x00000007126414d8}> (0x00000007126414d8) 
thrown [s\open\src\hotspot\share\prims\jni.cpp, line 520]

ZGC Phase Switch (0 events):
No events

VM Operations (10 events):
Event: 0.082 Executing VM operation: HandshakeAllThreads (Deoptimize)
Event: 0.082 Executing VM operation: HandshakeAllThreads (Deoptimize) done
Event: 0.555 Executing VM operation: ChangeBreakpoints
Event: 0.556 Executing VM operation: ChangeBreakpoints done
Event: 0.558 Executing VM operation: ChangeBreakpoints
Event: 0.558 Executing VM operation: ChangeBreakpoints done
Event: 1.561 Executing VM operation: Cleanup
Event: 1.561 Executing VM operation: Cleanup done
Event: 2.200 Executing VM operation: G1CollectForAllocation (G1 Evacuation Pause)
Event: 2.203 Executing VM operation: G1CollectForAllocation (G1 Evacuation Pause) done

Events (20 events):
Event: 0.033 Thread 0x00000191843fba80 Thread added: 0x00000191843fba80
Event: 0.033 Thread 0x00000191843fdb60 Thread added: 0x00000191843fdb60
Event: 0.033 Thread 0x0000019184401af0 Thread added: 0x0000019184401af0
Event: 0.033 Thread 0x00000191844048e0 Thread added: 0x00000191844048e0
Event: 0.034 Thread 0x00000191844054f0 Thread added: 0x00000191844054f0
Event: 0.034 Thread 0x0000019184406f60 Thread added: 0x0000019184406f60
Event: 0.034 Thread 0x0000019184416e30 Thread added: 0x0000019184416e30
Event: 0.034 Thread 0x00000191844174e0 Thread added: 0x00000191844174e0
Event: 0.077 Thread 0x00000191843c6d80 Thread added: 0x00000191843c6d80
Event: 0.098 Thread 0x00000191846c8cd0 Thread added: 0x00000191846c8cd0
Event: 0.098 Thread 0x00000191846dabf0 Thread added: 0x00000191846dabf0
Event: 0.099 Thread 0x00000191847df8f0 Thread added: 0x00000191847df8f0
Event: 0.104 Thread 0x00000191847def90 Thread added: 0x00000191847def90
Event: 0.538 Thread 0x00000191847def90 Thread exited: 0x00000191847def90
Event: 0.579 Thread 0x0000019184703980 Thread added: 0x0000019184703980
Event: 0.678 Thread 0x00000191ca0bbb80 Thread added: 0x00000191ca0bbb80
Event: 0.684 Thread 0x000001918496e570 Thread added: 0x000001918496e570
Event: 1.656 Thread 0x000001918496e570 Thread exited: 0x000001918496e570
Event: 1.656 Thread 0x00000191ca0bbb80 Thread exited: 0x00000191ca0bbb80
Event: 2.329 Thread 0x00000191cceffc70 Thread added: 0x00000191cceffc70


Dynamic libraries:
0x00007ff794f20000 - 0x00007ff794f2e000 	C:\Program Files\jdk-21\bin\java.exe
0x00007fff18910000 - 0x00007fff18b08000 	C:\WINDOWS\SYSTEM32\ntdll.dll
0x00007fff16a40000 - 0x00007fff16b02000 	C:\WINDOWS\System32\KERNEL32.DLL
0x00007fff16590000 - 0x00007fff1688e000 	C:\WINDOWS\System32\KERNELBASE.dll
0x00007fff162f0000 - 0x00007fff163f0000 	C:\WINDOWS\System32\ucrtbase.dll
0x00007fff0e780000 - 0x00007fff0e798000 	C:\Program Files\jdk-21\bin\jli.dll
0x00007fff0e7a0000 - 0x00007fff0e7bb000 	C:\Program Files\jdk-21\bin\VCRUNTIME140.dll
0x00007fff17920000 - 0x00007fff17abd000 	C:\WINDOWS\System32\USER32.dll
0x00007ffeffa90000 - 0x00007ffeffd2a000 	C:\WINDOWS\WinSxS\amd64_microsoft.windows.common-controls_6595b64144ccf1df_6.0.19041.4355_none_60b8b9eb71f62e16\COMCTL32.dll
0x00007fff161a0000 - 0x00007fff161c2000 	C:\WINDOWS\System32\win32u.dll
0x00007fff17800000 - 0x00007fff1789e000 	C:\WINDOWS\System32\msvcrt.dll
0x00007fff183a0000 - 0x00007fff183cb000 	C:\WINDOWS\System32\GDI32.dll
0x00007fff161d0000 - 0x00007fff162e7000 	C:\WINDOWS\System32\gdi32full.dll
0x00007fff163f0000 - 0x00007fff1648d000 	C:\WINDOWS\System32\msvcp_win.dll
0x00007fff16930000 - 0x00007fff1695f000 	C:\WINDOWS\System32\IMM32.DLL
0x00007fff10150000 - 0x00007fff1015c000 	C:\Program Files\jdk-21\bin\vcruntime140_1.dll
0x00007ffee7e00000 - 0x00007ffee7e8e000 	C:\Program Files\jdk-21\bin\msvcp140.dll
0x00007ffe92300000 - 0x00007ffe93013000 	C:\Program Files\jdk-21\bin\server\jvm.dll
0x00007fff17e70000 - 0x00007fff17f22000 	C:\WINDOWS\System32\ADVAPI32.dll
0x00007fff17ad0000 - 0x00007fff17b70000 	C:\WINDOWS\System32\sechost.dll
0x00007fff17b70000 - 0x00007fff17c93000 	C:\WINDOWS\System32\RPCRT4.dll
0x00007fff16890000 - 0x00007fff168b7000 	C:\WINDOWS\System32\bcrypt.dll
0x00007fff17790000 - 0x00007fff177fb000 	C:\WINDOWS\System32\WS2_32.dll
0x00007fff15540000 - 0x00007fff1558b000 	C:\WINDOWS\SYSTEM32\POWRPROF.dll
0x00007ffefb770000 - 0x00007ffefb797000 	C:\WINDOWS\SYSTEM32\WINMM.dll
0x00007fff0b040000 - 0x00007fff0b04a000 	C:\WINDOWS\SYSTEM32\VERSION.dll
0x00007fff153b0000 - 0x00007fff153c2000 	C:\WINDOWS\SYSTEM32\UMPDC.dll
0x00007fff14790000 - 0x00007fff147a2000 	C:\WINDOWS\SYSTEM32\kernel.appcore.dll
0x00007fff0e770000 - 0x00007fff0e77a000 	C:\Program Files\jdk-21\bin\jimage.dll
0x00007fff10c80000 - 0x00007fff10e64000 	C:\WINDOWS\SYSTEM32\DBGHELP.DLL
0x00007ffef4dd0000 - 0x00007ffef4e04000 	C:\WINDOWS\SYSTEM32\dbgcore.DLL
0x00007fff15fb0000 - 0x00007fff16032000 	C:\WINDOWS\System32\bcryptPrimitives.dll
0x00007ffec1e30000 - 0x00007ffec1e6c000 	C:\Program Files\jdk-21\bin\jdwp.dll
0x00007fff0e520000 - 0x00007fff0e52f000 	C:\Program Files\jdk-21\bin\instrument.dll
0x00007fff0e5d0000 - 0x00007fff0e5ef000 	C:\Program Files\jdk-21\bin\java.dll
0x00007fff0bcb0000 - 0x00007fff0bcc8000 	C:\Program Files\jdk-21\bin\zip.dll
0x00007fff16e10000 - 0x00007fff1757f000 	C:\WINDOWS\System32\SHELL32.dll
0x00007fff13fd0000 - 0x00007fff14774000 	C:\WINDOWS\SYSTEM32\windows.storage.dll
0x00007fff18570000 - 0x00007fff188c3000 	C:\WINDOWS\System32\combase.dll
0x00007fff159e0000 - 0x00007fff15a0e000 	C:\WINDOWS\SYSTEM32\Wldp.dll
0x00007fff176c0000 - 0x00007fff1778d000 	C:\WINDOWS\System32\OLEAUT32.dll
0x00007fff17dc0000 - 0x00007fff17e6d000 	C:\WINDOWS\System32\SHCORE.dll
0x00007fff183f0000 - 0x00007fff18445000 	C:\WINDOWS\System32\shlwapi.dll
0x00007fff15ee0000 - 0x00007fff15f04000 	C:\WINDOWS\SYSTEM32\profapi.dll
0x00007ffeb72a0000 - 0x00007ffeb7377000 	C:\Program Files\jdk-21\bin\jsvml.dll
0x00007ffefcf30000 - 0x00007ffefcf3c000 	C:\Program Files\jdk-21\bin\dt_socket.dll
0x00007fff153d0000 - 0x00007fff1540b000 	C:\WINDOWS\SYSTEM32\IPHLPAPI.DLL
0x00007fff15740000 - 0x00007fff157aa000 	C:\WINDOWS\system32\mswsock.dll
0x00007fff0e550000 - 0x00007fff0e560000 	C:\Program Files\jdk-21\bin\net.dll
0x00007fff0ee20000 - 0x00007fff0ef2d000 	C:\WINDOWS\SYSTEM32\WINHTTP.dll
0x00007fff0e530000 - 0x00007fff0e546000 	C:\Program Files\jdk-21\bin\nio.dll
0x0000000065ac0000 - 0x0000000065aec000 	C:\Users\Èëüÿ\AppData\Local\Temp\libgdxÈëüÿ\515ef75a\gdx64.dll
0x00007ffeb81b0000 - 0x00007ffeb8214000 	C:\Users\Èëüÿ\AppData\Local\Temp\lwjglÈëüÿ\3.2.3-build-13\lwjgl.dll
0x00007ffe5ecd0000 - 0x00007ffe5ef23000 	C:\Users\75BD~1\AppData\Local\Temp\lwjglÈëüÿ\3.2.3-build-13\jemalloc.dll
0x00007ffea69e0000 - 0x00007ffea6a42000 	C:\Users\75BD~1\AppData\Local\Temp\lwjglÈëüÿ\3.2.3-build-13\glfw.dll
0x00007fff103b0000 - 0x00007fff1044e000 	C:\WINDOWS\system32\uxtheme.dll
0x00007ffeb0050000 - 0x00007ffeb0095000 	C:\WINDOWS\SYSTEM32\dinput8.dll
0x00007ffece290000 - 0x00007ffece2a1000 	C:\WINDOWS\SYSTEM32\xinput1_4.dll
0x00007fff16540000 - 0x00007fff1658e000 	C:\WINDOWS\System32\cfgmgr32.dll
0x00007fff15d40000 - 0x00007fff15d73000 	C:\WINDOWS\SYSTEM32\DEVOBJ.dll
0x00007fff105e0000 - 0x00007fff1060f000 	C:\WINDOWS\SYSTEM32\dwmapi.dll
0x00007ffedd2f0000 - 0x00007ffedd442000 	C:\WINDOWS\SYSTEM32\inputhost.dll
0x00007fff0dbc0000 - 0x00007fff0dcb2000 	C:\WINDOWS\SYSTEM32\CoreMessaging.dll
0x00007fff0f930000 - 0x00007fff0fa26000 	C:\WINDOWS\SYSTEM32\PROPSYS.dll
0x00007fff0f3a0000 - 0x00007fff0f4f7000 	C:\WINDOWS\SYSTEM32\wintypes.dll
0x00007fff0d1a0000 - 0x00007fff0d4fb000 	C:\WINDOWS\SYSTEM32\CoreUIComponents.dll
0x00007fff15240000 - 0x00007fff15273000 	C:\WINDOWS\SYSTEM32\ntmarta.dll
0x00007fff17ca0000 - 0x00007fff17db5000 	C:\WINDOWS\System32\MSCTF.dll
0x00007fff14780000 - 0x00007fff1478d000 	C:\WINDOWS\SYSTEM32\HID.DLL
0x00007fff17f30000 - 0x00007fff1839e000 	C:\WINDOWS\System32\SETUPAPI.DLL
0x00007fff168c0000 - 0x00007fff16929000 	C:\WINDOWS\System32\WINTRUST.dll
0x00007fff16040000 - 0x00007fff1619c000 	C:\WINDOWS\System32\CRYPT32.dll
0x00007fff15b70000 - 0x00007fff15b82000 	C:\WINDOWS\SYSTEM32\MSASN1.dll
0x00007ffea66f0000 - 0x00007ffea67fb000 	C:\Users\75BD~1\AppData\Local\Temp\lwjglÈëüÿ\3.2.3-build-13\OpenAL.dll
0x00007fff17590000 - 0x00007fff176bb000 	C:\WINDOWS\System32\ole32.dll
0x00007fff184c0000 - 0x00007fff18569000 	C:\WINDOWS\System32\clbcatq.dll
0x00007fff0d110000 - 0x00007fff0d195000 	C:\WINDOWS\System32\MMDevApi.dll
0x00007fff0d8f0000 - 0x00007fff0da71000 	C:\WINDOWS\SYSTEM32\AUDIOSES.DLL
0x00007fff10610000 - 0x00007fff10624000 	C:\WINDOWS\SYSTEM32\resourcepolicyclient.dll
0x00007ffedcb90000 - 0x00007ffedccb8000 	C:\WINDOWS\SYSTEM32\opengl32.dll
0x00007fff09760000 - 0x00007fff0978c000 	C:\WINDOWS\SYSTEM32\GLU32.dll
0x00007fff0b210000 - 0x00007fff0b312000 	C:\Windows\System32\AppXDeploymentClient.dll
0x00007ffeab8f0000 - 0x00007ffeaded5000 	C:\WINDOWS\System32\DriverStore\FileRepository\nvhm.inf_amd64_69784b7a3902e1a0\nvoglv64.dll
0x00007fff0e390000 - 0x00007fff0e3a4000 	C:\WINDOWS\SYSTEM32\WTSAPI32.dll
0x00007fff08f30000 - 0x00007fff08f61000 	C:\WINDOWS\SYSTEM32\cryptnet.dll
0x00007fff15950000 - 0x00007fff1595c000 	C:\WINDOWS\SYSTEM32\cryptbase.dll
0x00007fff093b0000 - 0x00007fff094f7000 	C:\WINDOWS\SYSTEM32\drvstore.dll
0x00007fff183d0000 - 0x00007fff183ed000 	C:\WINDOWS\System32\imagehlp.dll
0x00007fff15930000 - 0x00007fff15948000 	C:\WINDOWS\SYSTEM32\CRYPTSP.dll
0x00007fff14fc0000 - 0x00007fff14ff4000 	C:\WINDOWS\system32\rsaenh.dll
0x00007ffefd680000 - 0x00007ffeff4af000 	C:\WINDOWS\System32\DriverStore\FileRepository\nvhm.inf_amd64_69784b7a3902e1a0\nvgpucomp64.dll
0x00007fff02000000 - 0x00007fff0203b000 	C:\WINDOWS\SYSTEM32\dxcore.dll
0x00007ffeb3e40000 - 0x00007ffeb4110000 	C:\WINDOWS\system32\nvspcap64.dll
0x00007fff14c40000 - 0x00007fff14c9b000 	C:\WINDOWS\SYSTEM32\WINSTA.dll
0x00007ffed2290000 - 0x00007ffed22e9000 	C:\Users\Èëüÿ\AppData\Local\Temp\lwjglÈëüÿ\3.2.3-build-13\lwjgl_opengl.dll

dbghelp: loaded successfully - version: 4.0.5 - missing functions: none
symbol engine: initialized successfully - sym options: 0x614 - pdb path: .;C:\Program Files\jdk-21\bin;C:\WINDOWS\SYSTEM32;C:\WINDOWS\WinSxS\amd64_microsoft.windows.common-controls_6595b64144ccf1df_6.0.19041.4355_none_60b8b9eb71f62e16;C:\Program Files\jdk-21\bin\server;C:\Users\Èëüÿ\AppData\Local\Temp\libgdxÈëüÿ\515ef75a;C:\Users\Èëüÿ\AppData\Local\Temp\lwjglÈëüÿ\3.2.3-build-13;C:\Users\75BD~1\AppData\Local\Temp\lwjglÈëüÿ\3.2.3-build-13;C:\WINDOWS\System32\DriverStore\FileRepository\nvhm.inf_amd64_69784b7a3902e1a0

VM Arguments:
jvm_args: -agentlib:jdwp=transport=dt_socket,address=127.0.0.1:54082,suspend=y,server=n -javaagent:C:\Users\Èëüÿ\AppData\Local\JetBrains\IdeaIC2024.1\captureAgent\debugger-agent.jar -Dfile.encoding=UTF-8 -Dsun.stdout.encoding=UTF-8 -Dsun.stderr.encoding=UTF-8 
java_command: ru.mipt.bit.platformer.GameDesktopLauncher
java_class_path (initial): C:\Users\Èëüÿ\Desktop\sber\java_lectures\homeworks\tank-software-design\out\production\classes;C:\Users\Èëüÿ\Desktop\sber\java_lectures\homeworks\tank-software-design\out\production\resources;C:\Users\Èëüÿ\.gradle\caches\modules-2\files-2.1\com.badlogicgames.gdx\gdx-backend-lwjgl3\1.9.11\9283f673c4be9fd83283e57b763356d41eeeef16\gdx-backend-lwjgl3-1.9.11.jar;C:\Users\Èëüÿ\.gradle\caches\modules-2\files-2.1\com.badlogicgames.gdx\gdx\1.9.11\69fe46897eed6f92e3f01b75cc7ca5f860881a8b\gdx-1.9.11.jar;C:\Users\Èëüÿ\.gradle\caches\modules-2\files-2.1\com.badlogicgames.gdx\gdx-platform\1.9.11\2de1e7285bec0aac89b4d3e55ac33a9f22016f42\gdx-platform-1.9.11-natives-desktop.jar;C:\Users\Èëüÿ\.gradle\caches\modules-2\files-2.1\org.lwjgl\lwjgl-glfw\3.2.3\5e520d5c290c8b012545a8d34fa5db5ab051ea53\lwjgl-glfw-3.2.3.jar;C:\Users\Èëüÿ\.gradle\caches\modules-2\files-2.1\org.lwjgl\lwjgl-glfw\3.2.3\62b044d9b0a057444bef2ab70b9afc288ec09dba\lwjgl-glfw-3.2.3-natives-linux.jar;C:\Users\Èëüÿ\.gradle\caches\modules-2\files-2.1\org.lwjgl\lwjgl-glfw\3.2.3\aab1a5a1e21eca87f4acd5ba055f6bfd5d90951c\lwjgl-glfw-3.2.3-natives-linux-arm32.jar;C:\Users\Èëüÿ\.gradle\caches\modules-2\files-2.1\org.lwjgl\lwjgl-glfw\3.2.3\5149002edd12c9a7f62fb053d0ca8ea05a45f83\lwjgl-glfw-3.2.3-natives-linux-arm64.jar;C:\Users\Èëüÿ\.gradle\caches\modules-2\files-2.1\org.lwjgl\lwjgl-glfw\3.2.3\58661272eacb9116336c88b4aadccf1f17c09b\lwjgl-glfw-3.2.3-natives-macos.jar;C:\Users\Èëüÿ\.gradle\caches\modules-2\files-2.1\org.lwjgl\lwjgl-glfw\3.2.3\b4d8a3477cdc2edcf7a5f1e822926be846223f54\lwjgl-glfw-3.2.3-natives-windows.jar;C:\Users\Èëüÿ\.gradle\caches\modules-2\files-2.1\org.lwjgl\lwjgl-glfw\3.2.3\795d81329f65679ee6d299373cbea7fffc56b6ed\lwjgl-glfw-3.2.3-natives-windows-x86.jar;C:\Users\Èëüÿ\.gradle\caches\modules-2\files-2.1\org.lwjgl\lwjgl-jemalloc\3.2.3\b6fd0932171ba3f2eaa4547beddca3a3e645342d\lwjgl-jemalloc-3.2.3.jar;C:\Users\Èëüÿ\.gradle\caches\modules-2\files-2.1\org.lwjgl\lwjgl-jemalloc\3.2.3\8d2dca364c11781de596fbcdee6782752e318cfb\lwjgl-jemalloc-3.2.3-natives-linux.jar;C:\Users\Èëüÿ\.gradle\caches\modules-2\files-2.1\org.lwjgl\lwjgl-jemalloc\3.2.3\d7e5cecbf045b7b7863343273ffea94e0e2f6994\lwjgl-jemalloc-3.2.3-natives-linux-arm32.jar;C:\Users\Èëüÿ\.gradle\caches\modules-2\files-2.1\org.lwjgl\lwjgl-jemalloc\3.2.3\bbc0a4672f5589e868ce3883da5a0c0b86e5b6ee\lwjgl-jemalloc-3.2.3-natives-linux-arm64.jar;C:\Users\Èëüÿ\.gradle\caches\modules-2\files-2.1\org.lwjgl\lwjgl-jemalloc\3.2.3\d6ffcb4224d3ccd3c31bd80093f71e69a7133a6a\lwjgl-jemalloc-3.2.3-natives-macos.jar;C:\Users\Èëüÿ\.gradle\caches\modules-2\files-2.1\org.lwjgl\lwjgl-jemalloc\3.2.3\3423fd0d4c7c1916c8f46b2075c4c2df02f22675\lwjgl-jemalloc-3.2.3-natives-windows.jar;C:\Users\Èëüÿ\.gradle\caches\modules-2\files-2.1\org.lwjgl\lwjgl-jemalloc\3.2.3\a176b1ca8c29b5986782785dad3295ba4cbfc6e5\lwjgl-jemalloc-3.2.3-natives-windows-x86.jar;C:\Users\Èëüÿ\.gradle\caches\modules-2\files-2.1\org.lwjgl\lwjgl-opengl\3.2.3\bdd534a323d0c8f54969b95e424b6ac8984f7d6e\lwjgl-opengl-3.2.3.jar;C:\Users\Èëüÿ\.gradle\caches\modules-2\files-2.1\org.lwjgl\lwjgl-opengl\3.2.3\7f14db5da9aa7951efe88993f519d7d38ad6e46b\lwjgl-opengl-3.2.3-natives-linux.jar;C:\Users\Èëüÿ\.gradle\caches\modules-2\files-2.1\org.lwjgl\lwjgl-opengl\3.2.3\4925362a5f2412cb6467e6d6c6de26b9e1ccfc71\lwjgl-opengl-3.2.3-natives-linux-arm32.jar;C:\Users\Èëüÿ\.gradle\caches\modules-2\files-2.1\org.lwjgl\lwjgl-opengl\3.2.3\aceb5d9ca264beed6d41c87e001632491dae165f\lwjgl-opengl-3.2.3-natives-linux-arm64.jar;C:\Users\Èëüÿ\.gradle\caches\modules-2\files-2.1\org.lwjgl\lwjgl-opengl\3.2.3\efa3326c11336d3e74c9c8aeceb2420328d28e6b\lwjgl-opengl-3.2.3-natives-macos.jar;C:\Users\Èëüÿ\.gradle\caches\modules-2\files-2.1\org.lwjgl\lwjgl-opengl\3.2.3\e81cfc73ec8708e5e791ed770e4ec3edfc1bbab1\lwjgl-opengl-3.2.3-natives-windows.jar;C:\Users\Èëüÿ\.gradle\caches\modules-2\files-2.1\org.lwjgl\lwjgl-opengl\3.2.3\ce32c782312e876bdcf3d4efb0d4f66d2936596c\lwjgl-opengl-3.2.3-natives-windows-x86.jar;C:\Users\Èëüÿ\.gradle\caches\modules-2\files-2.1\org.lwjgl\lwjgl-openal\3.2.3\106742e805803ab9eab8e343f0fb31a3d263903c\lwjgl-openal-3.2.3.jar;C:\Users\Èëüÿ\.gradle\caches\modules-2\files-2.1\org.lwjgl\lwjgl-openal\3.2.3\869ddd9dbbf92a7d1be7f5942ca0adbde068d999\lwjgl-openal-3.2.3-natives-linux.jar;C:\Users\Èëüÿ\.gradle\caches\modules-2\files-2.1\org.lwjgl\lwjgl-openal\3.2.3\5c30ef08c829252e542f9fbc04772d51013326c5\lwjgl-openal-3.2.3-natives-linux-arm32.jar;C:\Users\Èëüÿ\.gradle\caches\modules-2\files-2.1\org.lwjgl\lwjgl-openal\3.2.3\bc72c90b6feaa303ca838b138e1b9f679a66139c\lwjgl-openal-3.2.3-natives-linux-arm64.jar;C:\Users\Èëüÿ\.gradle\caches\modules-2\files-2.1\org.lwjgl\lwjgl-openal\3.2.3\67ddd2a090589dfe6c4659d7f8b125b43f7b822b\lwjgl-openal-3.2.3-natives-macos.jar;C:\Users\Èëüÿ\.gradle\caches\modules-2\files-2.1\org.lwjgl\lwjgl-openal\3.2.3\ec898e8ce11b5886f4f532a1536283ef2817758d\lwjgl-openal-3.2.3-natives-windows.jar;C:\Users\Èëüÿ\.gradle\caches\modules-2\files-2.1\org.lwjgl\lwjgl-openal\3.2.3\6a5d841a1630aa52917900051008d8251f9dd1f8\lwjgl-openal-3.2.3-natives-windows-x86.jar;C:\Users\Èëüÿ\.gradle\caches\modules-2\files-2.1\org.lwjgl\lwjgl\3.2.3\17a59ba0fe8d474ec9dbe0d5db40d2cfe59c4c08\lwjgl-3.2.3.jar;C:\Users\Èëüÿ\.gradle\caches\modules-2\files-2.1\org.lwjgl\lwjgl\3.2.3\3d9d36c93446c7a1c90bc7aec8fa89c7988bf82b\lwjgl-3.2.3-natives-linux.jar;C:\Users\Èëüÿ\.gradle\caches\modules-2\files-2.1\org.lwjgl\lwjgl\3.2.3\3180d363040744dfe0c6a0dd5d018cedae476e9a\lwjgl-3.2.3-natives-linux-arm32.jar;C:\Users\Èëüÿ\.gradle\caches\modules-2\files-2.1\org.lwjgl\lwjgl\3.2.3\368463bfc8ba25fa68a89a16ee535f0a229e86bc\lwjgl-3.2.3-natives-linux-arm64.jar;C:\Users\Èëüÿ\.gradle\caches\modules-2\files-2.1\org.lwjgl\lwjgl\3.2.3\35f506c5d368017a3cc5590da3d6d3a0760fb606\lwjgl-3.2.3-natives-macos.jar;C:\Users\Èëüÿ\.gradle\caches\modules-2\files-2.1\org.lwjgl\lwjgl\3.2.3\27f32cd35349684745951e04388e8e00d681cdcd\lwjgl-3.2.3-natives-windows.jar;C:\Users\Èëüÿ\.gradle\caches\modules-2\files-2.1\org.lwjgl\lwjgl\3.2.3\b311f19999076b41b039f9b050984ac5118ec52b\lwjgl-3.2.3-natives-windows-x86.jar;C:\Users\Èëüÿ\.gradle\caches\modules-2\files-2.1\com.badlogicgames.jlayer\jlayer\1.0.1-gdx\7cca83cec5c1b2f011362f4d85aabd71a73b049d\jlayer-1.0.1-gdx.jar;C:\Users\Èëüÿ\.gradle\caches\modules-2\files-2.1\org.jcraft\jorbis\0.0.17\8872d22b293e8f5d7d56ff92be966e6dc28ebdc6\jorbis-0.0.17.jar;C:\Users\Èëüÿ\.m2\repository\org\testng\testng\7.1.0\testng-7.1.0.jar;C:\Users\Èëüÿ\.m2\repository\com\beust\jcommander\1.72\jcommander-1.72.jar;C:\Users\Èëüÿ\.m2\repository\com\google\inject\guice\4.1.0\guice-4.1.0-no_aop.jar;C:\Users\Èëüÿ\.m2\repository\javax\inject\javax.inject\1\javax.inject-1.jar;C:\Users\Èëüÿ\.m2\repository\aopalliance\aopalliance\1.0\aopalliance-1.0.jar;C:\Users\Èëüÿ\.m2\repository\com\google\guava\guava\19.0\guava-19.0.jar;C:\Users\Èëüÿ\.m2\repository\org\yaml\snakeyaml\1.21\snakeyaml-1.21.jar;C:\Users\Èëüÿ\.gradle\caches\modules-2\files-2.1\junit\junit\4.13.2\8ac9e16d933b6fb43bc7f576336b8f4d7eb5ba12\junit-4.13.2.jar;C:\Users\Èëüÿ\.m2\repository\org\junit\jupiter\junit-jupiter\5.8.1\junit-jupiter-5.8.1.jar;C:\Users\Èëüÿ\.m2\repository\org\junit\jupiter\junit-jupiter-api\5.8.1\junit-jupiter-api-5.8.1.jar;C:\Users\Èëüÿ\.m2\repository\org\opentest4j\opentest4j\1.2.0\opentest4j-1.2.0.jar;C:\Users\Èëüÿ\.m2\repository\org\junit\platform\junit-platform-commons\1.8.1\junit-platform-commons-1.8.1.jar;C:\Users\Èëüÿ\.m2\repository\org\apiguardian\apiguardian-api\1.1.2\apiguardian-api-1.1.2.jar;C:\Users\Èëüÿ\.m2\repository\org\junit\jupiter\junit-jupiter-params\5.8.1\junit-jupiter-params-5.8.1.jar;C:\Users\Èëüÿ\.m2\repository\org\junit\jupiter\junit-jupiter-engine\5.8.1\junit-jupiter-engine-5.8.1.jar;C:\Users\Èëüÿ\.m2\repository\org\junit\platform\junit-platform-engine\1.8.1\junit-platform-engine-1.8.1.jar;C:\Users\Èëüÿ\AppData\Local\Programs\IntelliJ IDEA Community Edition\lib\idea_rt.jar
Launcher Type: SUN_STANDARD

[Global flags]
     intx CICompilerCount                          = 4                                         {product} {ergonomic}
     uint ConcGCThreads                            = 2                                         {product} {ergonomic}
     uint G1ConcRefinementThreads                  = 8                                         {product} {ergonomic}
   size_t G1HeapRegionSize                         = 2097152                                   {product} {ergonomic}
    uintx GCDrainStackTargetSize                   = 64                                        {product} {ergonomic}
   size_t InitialHeapSize                          = 266338304                                 {product} {ergonomic}
   size_t MarkStackSize                            = 4194304                                   {product} {ergonomic}
   size_t MaxHeapSize                              = 4236247040                                {product} {ergonomic}
   size_t MaxNewSize                               = 2541748224                                {product} {ergonomic}
   size_t MinHeapDeltaBytes                        = 2097152                                   {product} {ergonomic}
   size_t MinHeapSize                              = 8388608                                   {product} {ergonomic}
    uintx NonNMethodCodeHeapSize                   = 5839372                                {pd product} {ergonomic}
    uintx NonProfiledCodeHeapSize                  = 122909434                              {pd product} {ergonomic}
    uintx ProfiledCodeHeapSize                     = 122909434                              {pd product} {ergonomic}
    uintx ReservedCodeCacheSize                    = 251658240                              {pd product} {ergonomic}
     bool SegmentedCodeCache                       = true                                      {product} {ergonomic}
   size_t SoftMaxHeapSize                          = 4236247040                             {manageable} {ergonomic}
     bool UseCompressedOops                        = true                           {product lp64_product} {ergonomic}
     bool UseG1GC                                  = true                                      {product} {ergonomic}
     bool UseLargePagesIndividualAllocation        = false                                  {pd product} {ergonomic}

Logging:
Log output configuration:
 #0: stdout all=warning uptime,level,tags foldmultilines=false
 #1: stderr all=off uptime,level,tags foldmultilines=false

Environment Variables:
JAVA_HOME=C:\Program Files\jdk-21
PATH=C:\Program Files\Common Files\Oracle\Java\javapath;C:\ProgramData\Oracle\Java\javapath;C:\Program Files\Python39\Scripts\;C:\Program Files\Python39\;C:\windows\system32;C:\windows;C:\windows\System32\Wbem;C:\windows\System32\WindowsPowerShell\v1.0\;C:\windows\System32\OpenSSH\;C:\Program Files\NVIDIA Corporation\NVIDIA NvDLISR;C:\Program Files\Git\cmd;C:\WINDOWS\system32;C:\WINDOWS;C:\WINDOWS\System32\Wbem;C:\WINDOWS\System32\WindowsPowerShell\v1.0\;C:\WINDOWS\System32\OpenSSH\;C:\Program Files\Microsoft SQL Server\130\Tools\Binn\;C:\Program Files\PuTTY\;C:\Program Files\Microsoft VS Code\bin;C:\wxWidgets\lib\vc14x_x64_dll;C:\Program Files\dotnet\;C:\Program Files (x86)\NVIDIA Corporation\PhysX\Common;C:\Program Files\CMake\bin;C:\Program Files\Go\bin;C:\Program Files\Docker\Docker\resources\bin;C:\Users\Èëüÿ\AppData\Local\Programs\Python\Python39\Scripts\;C:\Users\Èëüÿ\AppData\Local\Programs\Python\Python39\;C:\Users\Èëüÿ\AppData\Local\Programs\Python\Python312\Scripts\;C:\Users\Èëüÿ\AppData\Local\Programs\Python\Python312\;C:\Users\Èëüÿ\AppData\Local\Microsoft\WindowsApps;C:\Program Files\mingw64\bin;C:\Users\Èëüÿ\AppData\Local\Microsoft\WindowsApps;C:\Program Files\JetBrains\PyCharm Community Edition 2023.2.5\bin;C:\Users\Èëüÿ\go\bin;C:\Users\Èëüÿ\AppData\Local\JetBrains\Toolbox\scripts;C:\Users\Èëüÿ\go\bin;C:\Program Files\jdk-21\bin;C:\Program Files\apache-maven-3.9.9\bin;
USERNAME=Èëüÿ
OS=Windows_NT
PROCESSOR_IDENTIFIER=Intel64 Family 6 Model 165 Stepping 2, GenuineIntel
TMP=C:\Users\75BD~1\AppData\Local\Temp
TEMP=C:\Users\75BD~1\AppData\Local\Temp




---------------  S Y S T E M  ---------------

OS:
 Windows 10 , 64 bit Build 19041 (10.0.19041.4957)
OS uptime: 2 days 21:02 hours
Hyper-V role detected

CPU: total 8 (initial active 8) (4 cores per cpu, 2 threads per core) family 6 model 165 stepping 2 microcode 0xea, cx8, cmov, fxsr, ht, mmx, 3dnowpref, sse, sse2, sse3, ssse3, sse4.1, sse4.2, popcnt, lzcnt, tsc, tscinvbit, avx, avx2, aes, erms, clmul, bmi1, bmi2, adx, fma, vzeroupper, clflush, clflushopt, hv, rdtscp, f16c
Processor Information for all 8 processors :
  Max Mhz: 2496, Current Mhz: 2496, Mhz Limit: 2496

Memory: 4k page, system-wide physical 16155M (5871M free)
TotalPageFile size 19227M (AvailPageFile size 3079M)
current process WorkingSet (physical memory assigned to process): 132M, peak: 133M
current process commit charge ("private bytes"): 462M, peak: 464M

vm_info: OpenJDK 64-Bit Server VM (21+35-2513) for windows-amd64 JRE (21+35-2513), built on 2023-08-09T20:25:10Z by "mach5one" with MS VC++ 17.1 (VS2022)

END.
